Helper,Helper
Model,Model
"Module template","Module template"
"Theme template","Theme template"
"Module js","Module js"
"Lib js","Lib js"
"Module layout label","Module layout label"
"Module layout title","Module layout title"
"Theme layout label","Theme layout label"
"Theme layout title","Theme layout title"
